Script started on 2020-04-12 16:37:34-0700
tranj20@cf162-14:~/Documents$ cd cs241/lab1
tranj20@cf162-14:~/Documents/cs241/lab1$ git clone https://github.com/csci241-20s/lab-1-JasmineTran1999.git
Cloning into 'lab-1-JasmineTran1999'...
remote: Enumerating objects: 27, done.[K
remote: Counting objects:   3% (1/27)[Kremote: Counting objects:   7% (2/27)[Kremote: Counting objects:  11% (3/27)[Kremote: Counting objects:  14% (4/27)[Kremote: Counting objects:  18% (5/27)[Kremote: Counting objects:  22% (6/27)[Kremote: Counting objects:  25% (7/27)[Kremote: Counting objects:  29% (8/27)[Kremote: Counting objects:  33% (9/27)[Kremote: Counting objects:  37% (10/27)[Kremote: Counting objects:  40% (11/27)[Kremote: Counting objects:  44% (12/27)[Kremote: Counting objects:  48% (13/27)[Kremote: Counting objects:  51% (14/27)[Kremote: Counting objects:  55% (15/27)[Kremote: Counting objects:  59% (16/27)[Kremote: Counting objects:  62% (17/27)[Kremote: Counting objects:  66% (18/27)[Kremote: Counting objects:  70% (19/27)[Kremote: Counting objects:  74% (20/27)[Kremote: Counting objects:  77% (21/27)[Kremote: Counting objects:  81% (22/27)[Kremote: Counting objects:  85% (23/27)[Kremote: Counting objects:  88% (24/27)[Kremote: Counting objects:  92% (25/27)[Kremote: Counting objects:  96% (26/27)[Kremote: Counting objects: 100% (27/27)[Kremote: Counting objects: 100% (27/27), done.[K
remote: Compressing objects:   6% (1/15)[Kremote: Compressing objects:  13% (2/15)[Kremote: Compressing objects:  20% (3/15)[Kremote: Compressing objects:  26% (4/15)[Kremote: Compressing objects:  33% (5/15)[Kremote: Compressing objects:  40% (6/15)[Kremote: Compressing objects:  46% (7/15)[Kremote: Compressing objects:  53% (8/15)[Kremote: Compressing objects:  60% (9/15)[Kremote: Compressing objects:  66% (10/15)[Kremote: Compressing objects:  73% (11/15)[Kremote: Compressing objects:  80% (12/15)[Kremote: Compressing objects:  86% (13/15)[Kremote: Compressing objects:  93% (14/15)[Kremote: Compressing objects: 100% (15/15)[Kremote: Compressing objects: 100% (15/15), done.[K
remote: Total 27 (delta 7), reused 13 (delta 4), pack-reused 0[K
Unpacking objects:   3% (1/27)   Unpacking objects:   7% (2/27)   Unpacking objects:  11% (3/27)   Unpacking objects:  14% (4/27)   Unpacking objects:  18% (5/27)   Unpacking objects:  22% (6/27)   Unpacking objects:  25% (7/27)   Unpacking objects:  29% (8/27)   Unpacking objects:  33% (9/27)   Unpacking objects:  37% (10/27)   Unpacking objects:  40% (11/27)   Unpacking objects:  44% (12/27)   Unpacking objects:  48% (13/27)   Unpacking objects:  51% (14/27)   Unpacking objects:  55% (15/27)   Unpacking objects:  59% (16/27)   Unpacking objects:  62% (17/27)   Unpacking objects:  66% (18/27)   Unpacking objects:  70% (19/27)   Unpacking objects:  74% (20/27)   Unpacking objects:  77% (21/27)   Unpacking objects:  81% (22/27)   Unpacking objects:  85% (23/27)   Unpacking objects:  88% (24/27)   Unpacking objects:  92% (25/27)   Unpacking objects:  96% (26/27)   Unpacking objects: 100% (27/27)   Unpacking objects: 100% (27/27), done.
tranj20@cf162-14:~/Documents/cs241/lab1$ git config --global user.name "Your Name Goes Here"[1P"[1P"[1P"[1P"[1P"[1P"[1P"[1P"[1P"[1P"[1P"[1P"[1P"[1P"[1P"[1P"[1P"[1P"[1P"J"a"s"m"i"n"e" "T"r"a"n"
tranj20@cf162-14:~/Documents/cs241/lab1$ git config --global user.email tranj20@wwu.edu
tranj20@cf162-14:~/Documents/cs241/lab1$ ls
lab-1-JasmineTran1999
tranj20@cf162-14:~/Documents/cs241/lab1$ cd lab-1-JasmineTran1999
tranj20@cf162-14:~/Documents/cs241/lab1/lab-1-JasmineTran1999$ ls
build.gradle  settings.gradle  src  username.txt  writeup.txt
tranj20@cf162-14:~/Documents/cs241/lab1/lab-1-JasmineTran1999$ rm username.txt writeup [K.txt
tranj20@cf162-14:~/Documents/cs241/lab1/lab-1-JasmineTran1999$ ls
build.gradle  settings.gradle  src
tranj20@cf162-14:~/Documents/cs241/lab1/lab-1-JasmineTran1999$ touch writeup.txt
tranj20@cf162-14:~/Documents/cs241/lab1/lab-1-JasmineTran1999$ git add writeup.txt
tranj20@cf162-14:~/Documents/cs241/lab1/lab-1-JasmineTran1999$ git commit -m "adde[Ked empty writeup"
[master 7222dc9] added empty writeup
 1 file changed, 2 deletions(-)
tranj20@cf162-14:~/Documents/cs241/lab1/lab-1-JasmineTran1999$ git push
Username for 'https://github.com': #69B    JasmineTran1999
Password for 'https://JasmineTran1999@github.com': 
Counting objects: 2, done.
Delta compression using up to 8 threads.
Compressing objects:  50% (1/2)   Compressing objects: 100% (2/2)   Compressing objects: 100% (2/2), done.
Writing objects:  50% (1/2)   Writing objects: 100% (2/2)   Writing objects: 100% (2/2), 250 bytes | 250.00 KiB/s, done.
Total 2 (delta 1), reused 0 (delta 0)
remote: Resolving deltas:   0% (0/1)[Kremote: Resolving deltas: 100% (1/1)[Kremote: Resolving deltas: 100% (1/1), completed with 1 local object.[K
To https://github.com/csci241-20s/lab-1-JasmineTran1999.git
   789ba91..7222dc9  master -> master
tranj20@cf162-14:~/Documents/cs241/lab1/lab-1-JasmineTran1999$ vim writeup.txt
[?2004h[?1049h[22;0;0t[?1h=[?2004h[1;30r[?12h[?12l[27m[23m[29m[m[H[2J[?25l[30;1H"writeup.txt" 0L, 0C[2;1Hâ–½[6n[2;1H  [1;1H[>c]10;?]11;?[2;1H[94m~                                                                                                                       [3;1H~                                                                                                                       [4;1H~                                                                                                                       [5;1H~                                                                                                                       [6;1H~                                                                                                                       [7;1H~                                                                                                                       [8;1H~                                                                                                                       [9;1H~                                                                                                                       [10;1H~                                                                                                                       [11;1H~                                                                                                                       [12;1H~                                                                                                                       [13;1H~                                                                                                                       [14;1H~                                                                                                                       [15;1H~                                                                                                                       [16;1H~                                                                                                                       [17;1H~                                                                                                                       [18;1H~                                                                                                                       [19;1H~                                                                                                                       [20;1H~                                                                                                                       [21;1H~                                                                                                                       [22;1H~                                                                                                                       [23;1H~                                                                                                                       [24;1H~                                                                                                                       [25;1H~                                                                                                                       [26;1H~                                                                                                                       [27;1H~                                                                                                                       [28;1H~                                                                                                                       [29;1H~                                                                                                                       [m[30;103H0,0-1[9CAll[1;1H[?25h[27m[23m[29m[m[H[2J[?25l[2;1H[94m~                                                                                                                       [3;1H~                                                                                                                       [4;1H~                                                                                                                       [5;1H~                                                                                                                       [6;1H~                                                                                                                       [7;1H~                                                                                                                       [8;1H~                                                                                                                       [9;1H~                                                                                                                       [10;1H~                                                                                                                       [11;1H~                                                                                                                       [12;1H~                                                                                                                       [13;1H~                                                                                                                       [14;1H~                                                                                                                       [15;1H~                                                                                                                       [16;1H~                                                                                                                       [17;1H~                                                                                                                       [18;1H~                                                                                                                       [19;1H~                                                                                                                       [20;1H~                                                                                                                       [21;1H~                                                                                                                       [22;1H~                                                                                                                       [23;1H~                                                                                                                       [24;1H~                                                                                                                       [25;1H~                                                                                                                       [26;1H~                                                                                                                       [27;1H~                                                                                                                       [28;1H~                                                                                                                       [29;1H~                                                                                                                       [30;1H~                                                                                                                       [31;1H~                                                                                                                       [32;1H~                                                                                                                       [33;1H~                                                                                                                       [34;1H~                                                                                                                       [35;1H~                                                                                                                       [36;1H~                                                                                                                       [37;1H~                                                                                                                       [38;1H~                                                                                                                       [39;1H~                                                                                                                       [40;1H~                                                                                                                       [41;1H~                                                                                                                       [42;1H~                                                                                                                       [m[43;103H0,0-1[9CAll[1;1H[?25h[?25l[43;93Hi[1;1H[43;93H [1;1H[43;1H[1m-- INSERT --[m[43;103H[K[43;103H0,1[11CAll[1;1H[?25h[?25lJ[43;103H1,2[1;2H[?25h[?25la[43;105H3[1;3H[?25h[?25ls[43;105H4[1;4H[?25h[?25lm[43;105H5[1;5H[?25h[?25li[43;105H6[1;6H[?25h[?25ln[43;105H7[1;7H[?25h[?25le[43;105H8[1;8H[?25h[?25l[43;105H9[1;9H[?25h[?25lT[43;105H10[1;10H[?25h[?25lr[43;106H1[1;11H[?25h[?25la[43;106H2[1;12H[?25h[?25ln[43;106H3[1;13H[?25h[43;1H[K[1;12H[?25l[43;93H^[[1;12H[43;93H  [1;13H[43;103H1,12[10CAll[1;12H[?25h[?25l[43;93H:[1;12H[43;93H[K[43;1H:[?2004h[?25hw[?25l[?25hq[?25l[?25h[?25l[?2004l"writeup.txt" 1L, 13C written
[?2004l[?1l>[?25h[?1049l[23;0;0ttranj20@cf162-14:~/Documents/cs241/lab1/lab-1-JasmineTran1999$ ls
build.gradle  settings.gradle  src  writeup.txt
tranj20@cf162-14:~/Documents/cs241/lab1/lab-1-JasmineTran1999$ v[Kgit commit -m "added part 1 (names) to writeup"
On branch master
Your branch is up to date with 'origin/master'.

Changes not staged for commit:
	[31mdeleted:    username.txt[m
	[31mmodified:   writeup.txt[m

no changes added to commit
tranj20@cf162-14:~/Documents/cs241/lab1/lab-1-JasmineTran1999$ git push
Username for 'https://github.com': JasmineTran1999
Password for 'https://JasmineTran1999@github.com': 
Everything up-to-date
tranj20@cf162-14:~/Documents/cs241/lab1/lab-1-JasmineTran1999$ git add writeup.txt
tranj20@cf162-14:~/Documents/cs241/lab1/lab-1-JasmineTran1999$ git commit -m "Added part 1 (names) to writeup"
[master f493ce1] Added part 1 (names) to writeup
 1 file changed, 1 insertion(+)
tranj20@cf162-14:~/Documents/cs241/lab1/lab-1-JasmineTran1999$ git status
On branch master
Your branch is ahead of 'origin/master' by 1 commit.
  (use "git push" to publish your local commits)

Changes not staged for commit:
  (use "git add/rm <file>..." to update what will be committed)
  (use "git checkout -- <file>..." to discard changes in working directory)

	[31mdeleted:    username.txt[m

no changes added to commit (use "git add" and/or "git commit -a")
tranj20@cf162-14:~/Documents/cs241/lab1/lab-1-JasmineTran1999$ toush [K[K[Kch username.txt
tranj20@cf162-14:~/Documents/cs241/lab1/lab-1-JasmineTran1999$ git add touch[K[K[K[K[Kusername.txt
tranj20@cf162-14:~/Documents/cs241/lab1/lab-1-JasmineTran1999$ vim username.txt
[?2004h[?1049h[22;0;0t[?1h=[?2004h[1;43r[?12h[?12l[27m[23m[29m[m[H[2J[?25l[43;1H"username.txt" 0L, 0C[2;1Hâ–½[6n[2;1H  [1;1H[>c]10;?]11;?[2;1H[94m~                                                                                                                       [3;1H~                                                                                                                       [4;1H~                                                                                                                       [5;1H~                                                                                                                       [6;1H~                                                                                                                       [7;1H~                                                                                                                       [8;1H~                                                                                                                       [9;1H~                                                                                                                       [10;1H~                                                                                                                       [11;1H~                                                                                                                       [12;1H~                                                                                                                       [13;1H~                                                                                                                       [14;1H~                                                                                                                       [15;1H~                                                                                                                       [16;1H~                                                                                                                       [17;1H~                                                                                                                       [18;1H~                                                                                                                       [19;1H~                                                                                                                       [20;1H~                                                                                                                       [21;1H~                                                                                                                       [22;1H~                                                                                                                       [23;1H~                                                                                                                       [24;1H~                                                                                                                       [25;1H~                                                                                                                       [26;1H~                                                                                                                       [27;1H~                                                                                                                       [28;1H~                                                                                                                       [29;1H~                                                                                                                       [30;1H~                                                                                                                       [31;1H~                                                                                                                       [32;1H~                                                                                                                       [33;1H~                                                                                                                       [34;1H~                                                                                                                       [35;1H~                                                                                                                       [36;1H~                                                                                                                       [37;1H~                                                                                                                       [38;1H~                                                                                                                       [39;1H~                                                                                                                       [40;1H~                                                                                                                       [41;1H~                                                                                                                       [42;1H~                                                                                                                       [m[43;103H0,0-1[9CAll[1;1H[?25h[?25l[43;93Hi[1;1H[43;93H [1;1H[43;1H[1m-- INSERT --[m[43;13H[K[43;103H0,1[11CAll[1;1H[?25h[?25lJ[43;103H1,2[1;2H[?25h[?25la[43;105H3[1;3H[?25h[?25ls[43;105H4[1;4H[?25h[?25lm[43;105H5[1;5H[?25h[?25li[43;105H6[1;6H[?25h[?25ln[43;105H7[1;7H[?25h[?25le[43;105H8[1;8H[?25h[?25l[43;105H9[1;9H[?25h[?25lT[43;105H10[1;10H[?25h[?25lr[43;106H1[1;11H[?25h[?25la[43;106H2[1;12H[?25h[?25ln[43;106H3[1;13H[?25h[?25l,[43;106H4[1;14H[?25h[?25l[43;106H5[1;15H[?25h[?25lt[43;106H6[1;16H[?25h[?25lr[43;106H7[1;17H[?25h[?25la[43;106H8[1;18H[?25h[?25ln[43;106H9[1;19H[?25h[?25lj[43;105H20[1;20H[?25h[?25l2[43;106H1[1;21H[?25h[?25l0[43;106H2[1;22H[?25h[?25l,[43;106H3[1;23H[?25h[?25l[43;106H4[1;24H[?25h[?25lJ[43;106H5[1;25H[?25h[?25la[43;106H6[1;26H[?25h[?25ls[43;106H7[1;27H[?25h[?25lm[43;106H8[1;28H[?25h[?25li[43;106H9[1;29H[?25h[?25ln[43;105H30[1;30H[?25h[?25le[43;106H1[1;31H[?25h[?25lT[43;106H2[1;32H[?25h[?25lr[43;106H3[1;33H[?25h[?25la[43;106H4[1;34H[?25h[?25ln[43;106H5[1;35H[?25h[?25l1[43;106H6[1;36H[?25h[?25l9[43;106H7[1;37H[?25h[?25l9[43;106H8[1;38H[?25h[?25l9[43;106H9[1;39H[?25h[43;1H[K[1;38H[?25l[43;93H^[[1;38H[43;93H  [1;39H[43;103H1,38[10CAll[1;38H[?25h[?25l[43;93H:[1;38H[43;93H[K[43;1H:[?2004h[?25hw[?25l[?25hq[?25l[?25h[?25l[?2004l"username.txt" 1L, 39C written
[?2004l[?1l>[?25h[?1049l[23;0;0ttranj20@cf162-14:~/Documents/cs241/lab1/lab-1-JasmineTran1999$ 
tranj20@cf162-14:~/Documents/cs241/lab1/lab-1-JasmineTran1999$ git add username.txt
tranj20@cf162-14:~/Documents/cs241/lab1/lab-1-JasmineTran1999$ git commit -m "Added username [K"
[master f04876c] Added username
 1 file changed, 1 insertion(+)
tranj20@cf162-14:~/Documents/cs241/lab1/lab-1-JasmineTran1999$ git push
Username for 'https://github.com': #69BigMaths           JasmineTran19999 
Password for 'https://JasmineTran1999@github.com': 
Counting objects: 6, done.
Delta compression using up to 8 threads.
Compressing objects:  25% (1/4)   Compressing objects:  50% (2/4)   Compressing objects:  75% (3/4)   Compressing objects: 100% (4/4)   Compressing objects: 100% (4/4), done.
Writing objects:  16% (1/6)   Writing objects:  33% (2/6)   Writing objects:  50% (3/6)   Writing objects:  66% (4/6)   Writing objects:  83% (5/6)   Writing objects: 100% (6/6)   Writing objects: 100% (6/6), 574 bytes | 191.00 KiB/s, done.
Total 6 (delta 2), reused 0 (delta 0)
remote: Resolving deltas:   0% (0/2)[Kremote: Resolving deltas: 100% (2/2)[Kremote: Resolving deltas: 100% (2/2), completed with 1 local object.[K
To https://github.com/csci241-20s/lab-1-JasmineTran1999.git
   7222dc9..f04876c  master -> master
tranj20@cf162-14:~/Documents/cs241/lab1/lab-1-JasmineTran1999$ git checkout -b question3
Switched to a new branch 'question3'
tranj20@cf162-14:~/Documents/cs241/lab1/lab-1-JasmineTran1999$ vim writeup.txt
[?2004h[?1049h[22;0;0t[?1h=[?2004h[1;43r[?12h[?12l[27m[23m[29m[m[H[2J[?25l[43;1H"writeup.txt" 1L, 13C[2;1Hâ–½[6n[2;1H  [1;1H[>c]10;?]11;?[1;1HJasmine Tran
[94m~                                                                                                                       [3;1H~                                                                                                                       [4;1H~                                                                                                                       [5;1H~                                                                                                                       [6;1H~                                                                                                                       [7;1H~                                                                                                                       [8;1H~                                                                                                                       [9;1H~                                                                                                                       [10;1H~                                                                                                                       [11;1H~                                                                                                                       [12;1H~                                                                                                                       [13;1H~                                                                                                                       [14;1H~                                                                                                                       [15;1H~                                                                                                                       [16;1H~                                                                                                                       [17;1H~                                                                                                                       [18;1H~                                                                                                                       [19;1H~                                                                                                                       [20;1H~                                                                                                                       [21;1H~                                                                                                                       [22;1H~                                                                                                                       [23;1H~                                                                                                                       [24;1H~                                                                                                                       [25;1H~                                                                                                                       [26;1H~                                                                                                                       [27;1H~                                                                                                                       [28;1H~                                                                                                                       [29;1H~                                                                                                                       [30;1H~                                                                                                                       [31;1H~                                                                                                                       [32;1H~                                                                                                                       [33;1H~                                                                                                                       [34;1H~                                                                                                                       [35;1H~                                                                                                                       [36;1H~                                                                                                                       [37;1H~                                                                                                                       [38;1H~                                                                                                                       [39;1H~                                                                                                                       [40;1H~                                                                                                                       [41;1H~                                                                                                                       [42;1H~                                                                                                                       [m[43;103H1,12[10CAll[1;12H[?25h[?25l[43;93H^[[1;12H[43;93H  [1;12H[?25h[?25l[43;93Hi[1;12H[43;93H [1;12H[43;1H[1m-- INSERT --[m[43;13H[K[43;103H1,12[10CAll[1;12H[?25h[?25l[1;12H[K[2;1Hn[2;2H[K[43;103H2,1 [2;1H[?25h[?25l[1;12Hn
[94m~                                                                                                                       [m[43;103H1,12[1;12H[?25h[?25l[43;106H3[1;13H[?25h[?25l[2;1H[K[43;103H2,1 [2;1H[?25h[?25lF[43;105H2[2;2H[?25h[?25la[43;105H3[2;3H[?25h[?25lv[43;105H4[2;4H[?25h[?25lo[43;105H5[2;5H[?25h[?25lr[43;105H6[2;6H[?25h[?25li[43;105H7[2;7H[?25h[?25lt[43;105H8[2;8H[?25h[?25le[43;105H9[2;9H[?25h[?25l[43;105H10[2;10H[?25h[?25lS[43;106H1[2;11H[?25h[?25lo[43;106H2[2;12H[?25h[?25ln[43;106H3[2;13H[?25h[?25lg[43;106H4[2;14H[?25h[?25l:[43;106H5[2;15H[?25h[?25l[43;106H6[2;16H[?25h[?25l&[43;106H7[2;17H[?25h[?25lt[43;106H8[2;18H[?25h[?25lh[43;106H9[2;19H[?25h[?25l[2;18H[K[43;106H8[2;18H[?25h[?25l[2;17H[K[43;106H7[2;17H[?25h[?25l[2;16H[K[43;106H6[2;16H[?25h[?25ly[43;106H7[2;17H[?25h[?25l[2;16H[K[43;106H6[2;16H[?25h[?25l7[43;106H7[2;17H[?25h[?25lt[43;106H8[2;18H[?25h[?25lh[43;106H9[2;19H[?25h[?25l[43;105H20[2;20H[?25h[?25lE[43;106H1[2;21H[?25h[?25ll[43;106H2[2;22H[?25h[?25le[43;106H3[2;23H[?25h[?25lm[43;106H4[2;24H[?25h[?25le[43;106H5[2;25H[?25h[?25ln[43;106H6[2;26H[?25h[?25lt[43;106H7[2;27H[?25h[?25l[43;106H8[2;28H[?25h[?25lb[43;106H9[2;29H[?25h[?25ly[43;105H30[2;30H[?25h[?25l[43;106H1[2;31H[?25h[?25lV[43;106H2[2;32H[?25h[?25li[43;106H3[2;33H[?25h[?25lt[43;106H4[2;34H[?25h[?25la[43;106H5[2;35H[?25h[?25ls[43;106H6[2;36H[?25h[43;1H[K[2;35H[?25l[43;93H^[[2;35H[43;93H  [2;36H[43;103H2,35[10CAll[2;35H[?25h[?25l[43;93H:[2;35H[43;93H[K[43;1H:[?2004h[?25hw[?25l[?25hq[?25l[?25h[?25l[?2004l"writeup.txt" 2L, 49C written
[?2004l[?1l>[?25h[?1049l[23;0;0ttranj20@cf162-14:~/Documents/cs241/lab1/lab-1-JasmineTran1999$ 
tranj20@cf162-14:~/Documents/cs241/lab1/lab-1-JasmineTran1999$ a[Kgot[K[Kit add writeup.txt
tranj20@cf162-14:~/Documents/cs241/lab1/lab-1-JasmineTran1999$ git commit -m "Added favorite song to writeup"
[question3 5e651a2] Added favorite song to writeup
 1 file changed, 1 insertion(+)
tranj20@cf162-14:~/Documents/cs241/lab1/lab-1-JasmineTran1999$ git push
fatal: The current branch question3 has no upstream branch.
To push the current branch and set the remote as upstream, use

    git push --set-upstream origin question3

tranj20@cf162-14:~/Documents/cs241/lab1/lab-1-JasmineTran1999$ git push --set-upstream origin question3
Username for 'https://github.com': #69Big      JasmineTran19999 
Password for 'https://JasmineTran1999@github.com': 
To https://github.com/csci241-20s/lab-1-JasmineTran1999.git
 ! [rejected]        question3 -> question3 (non-fast-forward)
error: failed to push some refs to 'https://github.com/csci241-20s/lab-1-JasmineTran1999.git'
hint: Updates were rejected because the tip of your current branch is behind
hint: its remote counterpart. Integrate the remote changes (e.g.
hint: 'git pull ...') before pushing again.
hint: See the 'Note about fast-forwards' in 'git push --help' for details.
tranj20@cf162-14:~/Documents/cs241/lab1/lab-1-JasmineTran1999$ git checkout master
Switched to branch 'master'
Your branch is up to date with 'origin/master'.
tranj20@cf162-14:~/Documents/cs241/lab1/lab-1-JasmineTran1999$ git merge question3
Updating f04876c..5e651a2
Fast-forward
 writeup.txt | 1 [32m+[m
 1 file changed, 1 insertion(+)
tranj20@cf162-14:~/Documents/cs241/lab1/lab-1-JasmineTran1999$ git push
Username for 'https://github.com': JasmineTran1999
Password for 'https://JasmineTran1999@github.com': 
Counting objects: 3, done.
Delta compression using up to 8 threads.
Compressing objects:  50% (1/2)   Compressing objects: 100% (2/2)   Compressing objects: 100% (2/2), done.
Writing objects:  33% (1/3)   Writing objects:  66% (2/3)   Writing objects: 100% (3/3)   Writing objects: 100% (3/3), 317 bytes | 317.00 KiB/s, done.
Total 3 (delta 1), reused 0 (delta 0)
remote: Resolving deltas:   0% (0/1)[Kremote: Resolving deltas: 100% (1/1)[Kremote: Resolving deltas: 100% (1/1), completed with 1 local object.[K
To https://github.com/csci241-20s/lab-1-JasmineTran1999.git
   f04876c..5e651a2  master -> master
tranj20@cf162-14:~/Documents/cs241/lab1/lab-1-JasmineTran1999$ ls
build.gradle  settings.gradle  src  username.txt  writeup.txt
tranj20@cf162-14:~/Documents/cs241/lab1/lab-1-JasmineTran1999$ gradle build
Starting a Gradle Daemon (subsequent builds will be faster)


[2A[1B[1m> Starting Daemon[m[17D[1B[1A> IDLE[0K[6D[1B[2A[1m<[0;1m-------------> 0% INITIALIZING [33ms][m[38D[1B[1m> Evaluating settings[m[21D[1B[2A[1m<[0;1m-------------> 0% INITIALIZING [133ms][m[39D[2B[2A[1m<[0;1m-------------> 0% INITIALIZING [233ms][m[39D[2B[2A[1m<[0;1m-------------> 0% INITIALIZING [333ms][m[39D[2B[2A[1m<[0;1m-------------> 0% INITIALIZING [433ms][m[39D[2B[2A[1m<[0;1m-------------> 0% INITIALIZING [533ms][m[39D[2B[2A[1m<[0;1m-------------> 0% CONFIGURING [633ms][m[0K[38D[1B[1m> root project[m[0K[14D[1B[2A[1m<[0;1m-------------> 0% CONFIGURING [733ms][m[38D[2B[2A[1m<[0;1m-------------> 0% CONFIGURING [833ms][m[38D[2B[2A[1m<[0;1m-------------> 0% CONFIGURING [933ms][m[38D[2B[2A[1m<[0;1m-------------> 0% CONFIGURING [1s][m[0K[35D[2B[2A[1m<[0;32;1m=============[0;39;1m> 100% CONFIGURING [1s][m[37D[1B> IDLE[0K[6D[1B[2A[1m<[0;1m-------------> 0% EXECUTING [1s][m[0K[33D[1B[1m> :compileJava > Resolve dependencies of :compileClasspath[m[58D[1B[1A[1m> :compileJava[m[0K[14D[1B[2A[1m<[0;1m-------------> 7% EXECUTING [2s][m[33D[1B[1m> :processResources[m[19D[1B[2A[1m<[0;32;1m===[0;39;1m----------> 28% EXECUTING [2s][m[34D[1B[1m> :startScripts[m[0K[15D[1B[2A[1m<[0;32;1m====[0;39;1m---------> 35% EXECUTING [2s][m[34D[1B[1m> :distTar[m[0K[10D[1B[2A[1m<[0;32;1m=====[0;39;1m--------> 42% EXECUTING [2s][m[34D[1B[1m> :distZip[m[10D[1B[2A[0K
[32;1mBUILD SUCCESSFUL[0;39m in 4s
5 actionable tasks: 5 executed
[0K
[0K
[2A[1m<[0;1m-------------> 0% WAITING[m[26D[1B> IDLE[6D[1B[2A[2K[1B[2K[1A[0m[?12l[?25htranj20@cf162-14:~/Documents/cs241/lab1/lab-1-JasmineTran1999$ gradle run


[2A[1m<[0;1m-------------> 0% EXECUTING [82ms][m[35D[1B[1m> :compileJava[m[14D[1B[2A[0K
[1m> Task :run[m[0K
Hello, world!

[32;1mBUILD SUCCESSFUL[0;39m in 440ms
2 actionable tasks: 1 executed, 1 up-to-date
[0K
[0K
[2A[1m<[0;1m-------------> 0% WAITING[m[26D[1B[1m> :compileJava[m[14D[1B[2A[2K[1B[2K[1A[0m[?12l[?25htranj20@cf162-14:~/Documents/cs241/lab1/lab-1-JasmineTran1999$ ls
build  build.gradle  gradle  settings.gradle  src  username.txt  writeup.txt
tranj20@cf162-14:~/Documents/cs241/lab1/lab-1-JasmineTran1999$ cd src/main/java/lab1
tranj20@cf162-14:~/Documents/cs241/lab1/lab-1-JasmineTran1999/src/main/java/lab1$ ls
Hello.java
tranj20@cf162-14:~/Documents/cs241/lab1/lab-1-JasmineTran1999/src/main/java/lab1$ vim hello.java
[?2004h[?1049h[22;0;0t[?1h=[?2004h[1;43r[?12h[?12l[27m[23m[29m[m[H[2J[?25l[43;1H"hello.java" [New File][2;1Hâ–½[6n[2;1H  [1;1H[>c]10;?]11;?[2;1H[94m~                                                                                                                       [3;1H~                                                                                                                       [4;1H~                                                                                                                       [5;1H~                                                                                                                       [6;1H~                                                                                                                       [7;1H~                                                                                                                       [8;1H~                                                                                                                       [9;1H~                                                                                                                       [10;1H~                                                                                                                       [11;1H~                                                                                                                       [12;1H~                                                                                                                       [13;1H~                                                                                                                       [14;1H~                                                                                                                       [15;1H~                                                                                                                       [16;1H~                                                                                                                       [17;1H~                                                                                                                       [18;1H~                                                                                                                       [19;1H~                                                                                                                       [20;1H~                                                                                                                       [21;1H~                                                                                                                       [22;1H~                                                                                                                       [23;1H~                                                                                                                       [24;1H~                                                                                                                       [25;1H~                                                                                                                       [26;1H~                                                                                                                       [27;1H~                                                                                                                       [28;1H~                                                                                                                       [29;1H~                                                                                                                       [30;1H~                                                                                                                       [31;1H~                                                                                                                       [32;1H~                                                                                                                       [33;1H~                                                                                                                       [34;1H~                                                                                                                       [35;1H~                                                                                                                       [36;1H~                                                                                                                       [37;1H~                                                                                                                       [38;1H~                                                                                                                       [39;1H~                                                                                                                       [40;1H~                                                                                                                       [41;1H~                                                                                                                       [42;1H~                                                                                                                       [m[43;103H0,0-1[9CAll[1;1H[?25h[?25l[43;93H^[[1;1H[43;95H[[1;1H[43;93H   [1;1H[?25h[?25l[43;93H:[1;1H[43;1H[K[43;1H:[?2004h[?25hQ[?25l[?25h![?25l[?25h[?25l[43;3H[K[43;3H[?25h[?25l[43;2H[K[43;2H[?25hq[?25l[?25h![?25l[?25h[?25l[?2004l[43;1H[K[43;1H[?2004l[?1l>[?25h[?1049l[23;0;0ttranj20@cf162-14:~/Documents/cs241/lab1/lab-1-JasmineTran1999/src/main/java/lab1$ vim Hello.java
[?2004h[?1049h[22;0;0t[?1h=[?2004h[1;43r[?12h[?12l[27m[23m[29m[m[H[2J[?25l[43;1H"Hello.java" 7L, 126C[2;1Hâ–½[6n[2;1H  [1;1H[>c]10;?]11;?[1;1H[35mpackage[m lab1;

[32mpublic[m [32mclass[m Hello {
  [32mpublic[m [32mstatic[m [32mvoid[m main(String[] args) {
    System.out.println([31m"Hello, world!"[m);
  }
}
[94m~                                                                                                                       [9;1H~                                                                                                                       [10;1H~                                                                                                                       [11;1H~                                                                                                                       [12;1H~                                                                                                                       [13;1H~                                                                                                                       [14;1H~                                                                                                                       [15;1H~                                                                                                                       [16;1H~                                                                                                                       [17;1H~                                                                                                                       [18;1H~                                                                                                                       [19;1H~                                                                                                                       [20;1H~                                                                                                                       [21;1H~                                                                                                                       [22;1H~                                                                                                                       [23;1H~                                                                                                                       [24;1H~                                                                                                                       [25;1H~                                                                                                                       [26;1H~                                                                                                                       [27;1H~                                                                                                                       [28;1H~                                                                                                                       [29;1H~                                                                                                                       [30;1H~                                                                                                                       [31;1H~                                                                                                                       [32;1H~                                                                                                                       [33;1H~                                                                                                                       [34;1H~                                                                                                                       [35;1H~                                                                                                                       [36;1H~                                                                                                                       [37;1H~                                                                                                                       [38;1H~                                                                                                                       [39;1H~                                                                                                                       [40;1H~                                                                                                                       [41;1H~                                                                                                                       [42;1H~                                                                                                                       [m[43;103H1,1[11CAll[1;1H[?25h[?25l[43;93H~@k[1;1H[43;93H   [1;1H[?25h[?25l[43;93H~@k[1;1H[43;93H   [1;1H[?25h[?25l[43;93H~@k[1;1H[43;93H   [1;1H[?25h[?25l[43;93H~@k[1;1H[43;93H   [1;1H[?25h[?25l[43;93Hi[1;1H[43;93H [1;1H[43;1H[1m-- INSERT --[m[43;14H[K[43;103H1,1[11CAll[1;1H[?25h[?25l[43;105H2[1;2H[?25h[?25l[43;105H3[1;3H[?25h[?25l[43;105H4[1;4H[?25h[?25l[43;105H5[1;5H[?25h[?25l[43;105H6[1;6H[?25h[?25l[43;105H7[1;7H[?25h[?25l[43;105H8[1;8H[?25h[?25l[43;105H9[1;9H[?25h[?25l[43;105H10[1;10H[?25h[?25l[43;106H1[1;11H[?25h[?25l[43;106H2[1;12H[?25h[?25l[43;106H3[1;13H[?25h[?25l[43;106H4[1;14H[?25h[?25l[43;103H2,1 [2;1H[?25h[?25l[43;103H3,14[3;14H[?25h[?25l[43;103H4[4;14H[?25h[?25l[43;103H5[5;14H[?25h[?25l[43;106H5[5;15H[?25h[?25l[43;106H6[5;16H[?25h[?25l[43;106H7[5;17H[?25h[?25l[43;106H8[5;18H[?25h[?25l[43;106H9[5;19H[?25h[?25l[43;105H20[5;20H[?25h[?25l[43;106H1[5;21H[?25h[?25l[43;106H2[5;22H[?25h[?25ln[106m([15C)[m[43;106H3[5;23H[?25h[?25l[43;106H4[5;24H[?25h[?25l([15C)[43;106H5[5;25H[?25h[?25l[43;106H6[5;26H[?25h[?25l[43;106H7[5;27H[?25h[?25l[43;106H8[5;28H[?25h[?25l[43;106H9[5;29H[?25h[?25l[43;105H30[5;30H[?25h[?25l[43;106H1[5;31H[?25h[?25l[43;106H2[5;32H[?25h[?25l[43;106H3[5;33H[?25h[?25l[43;106H4[5;34H[?25h[?25l[43;106H5[5;35H[?25h[?25l[43;106H6[5;36H[?25h[?25l[43;106H7[5;37H[?25h[?25l[43;106H8[5;38H[?25h[?25l[5;23H[106m([15C)[m[43;106H9[5;39H[?25h[?25l[43;105H40[5;40H[?25h[?25l[106m;[m[5;40H[K[5;23H([15C;[43;105H39[5;39H[?25h[?25l[31m;[m[5;39H[K[43;106H8[5;38H[?25h[?25l[31m;[m[5;38H[K[43;106H7[5;37H[?25h[?25l[31m;[m[5;37H[K[43;106H6[5;36H[?25h[?25l[31m;[m[5;36H[K[43;106H5[5;35H[?25h[?25l[31m;[m[5;35H[K[43;106H4[5;34H[?25h[?25l[31m;[m[5;34H[K[43;106H3[5;33H[?25h[?25l[31m;[m[5;33H[K[43;106H2[5;32H[?25h[?25l[31m;[m[5;32H[K[43;106H1[5;31H[?25h[?25l[31m;[m[5;31H[K[43;106H0[5;30H[?25h[?25l[31m;[m[5;30H[K[43;105H29[5;29H[?25h[?25l[31m;[m[5;29H[K[43;106H8[5;28H[?25h[?25l[31m;[m[5;28H[K[43;106H7[5;27H[?25h[?25l[31m;[m[5;27H[K[43;106H6[5;26H[?25h[?25l[31m;[m[5;26H[K[43;106H5[5;25H[?25h[?25l;[5;25H[K[43;106H4[5;24H[?25h[?25l;[5;24H[K[43;106H3[5;23H[?25h[?25l;[5;23H[K[43;106H2[5;22H[?25h[?25l;[5;22H[K[43;106H1[5;21H[?25h[?25l;[5;21H[K[43;106H0[5;20H[?25h[?25l;[5;20H[K[43;105H19[5;19H[?25h[?25ln;[43;105H20[5;20H[?25h[?25lt;[43;106H1[5;21H[?25h[?25ll;[43;106H2[5;22H[?25h[?25ln;[43;106H3[5;23H[?25h[?25l(;[43;106H4[5;24H[?25h[?25l[43;103H4[4;24H[?25h[?25l[43;106H5[4;25H[?25h[?25ln[106m([13C)[m[43;106H6[4;26H[?25h[?25l[43;106H7[4;27H[?25h[?25l([13C)[43;106H8[4;28H[?25h[?25l[43;106H9[4;29H[?25h[?25l[43;105H30[4;30H[?25h[?25l[43;106H1[4;31H[?25h[?25l[43;106H2[4;32H[?25h[?25lg[106m[][m[43;106H3[4;33H[?25h[?25l[43;106H4[4;34H[?25h[?25l[][43;106H6[4;36H[?25h[?25l[43;106H7[4;37H[?25h[?25l[43;106H8[4;38H[?25h[?25l[43;106H9[4;39H[?25h[?25l[4;26H[106m([13C)[m[43;105H40[4;40H[?25h[?25l[43;106H1[4;41H[?25h[?25l[4;26H([13C) [106m{

[m  [106m}[m[43;106H2[4;42H[?25h[?25l[43;106H3[4;43H[?25h[?25l[5;42r[5;1H[L[1;43r[6;3H[106m [m
  }[43;103H[K[43;103H5,4-11[8CAll[4;42H{

   [5;11H[?25h[?25l[43;103H6,11  [6;11H[?25h[?25l[43;106H0[6;10H[?25h[?25l[43;105H9 [6;9H[?25h[?25l[43;105H8[6;8H[?25h[?25l[43;105H7[6;7H[?25h[?25l[43;105H6[6;6H[?25h[?25l[43;105H5[6;5H[?25h[?25l[43;105H4[6;4H[?25h[?25l      System.out.println(;[43;105H5-9[6;9H[?25h[?25l[43;103H5,1  [5;1H[?25h[?25l[43;103H4,9[4;9H[?25h[?25l[43;105H8[4;8H[?25h[?25l[43;103H5,1[5;1H[?25h[?25l[43;105H2-9[5;9H[?25h[?25lf[43;105H3-10[5;10H[?25h[?25lo[43;105H4-11[5;11H[?25h[?25l[38;5;130mfor[m[43;105H5-12[5;12H[?25h[?25l[43;105H6-13[5;13H[?25h[?25ls[43;105H7-14[5;14H[?25h[?25lt[43;105H8-15[5;15H[?25h[?25lr[43;105H9-16[5;16H[?25h[?25l[5;15H[K[43;105H8-15[5;15H[?25h[?25l[5;14H[K[43;105H7-14[5;14H[?25h[?25l[5;13H[K[43;105H6-13[5;13H[?25h[?25lS[43;105H7-14[5;14H[?25h[?25l[5;13H[K[43;105H6-13[5;13H[?25h[?25l([43;105H7-14[5;14H[?25h[?25lS[43;105H8-15[5;15H[?25h[?25lt[43;105H9-16[5;16H[?25h[?25lr[43;105H10-17[5;17H[?25h[?25li[43;106H1-18[5;18H[?25h[?25ln[43;106H2-19[5;19H[?25h[?25lg[43;106H3-20[5;20H[?25h[?25l[43;106H4-21[5;21H[?25h[?25li[43;106H5-22[5;22H[?25h[?25l[43;106H6-23[5;23H[?25h[?25l[43;106H5-22[5;22H[?25h[?25l:[43;106H6-23[5;23H[?25h[?25l[5;22H[K[43;106H5-22[5;22H[?25h[?25l[43;106H6-23[5;23H[?25h[?25l[43;106H5-22[5;22H[?25h[?25l:[43;106H6-23[5;23H[?25h[?25l[43;106H7-24[5;24H[?25h[?25la[43;106H8-25[5;25H[?25h[?25lr[43;106H9-26[5;26H[?25h[?25lg[43;105H20-27[5;27H[?25h[?25ls[43;106H1-28[5;28H[?25h[?25l)[5;13H[106m([14C)[m[43;106H2-29[5;29H[?25h[?25l{[5;13H([14C)[106m{

[m  [106m}[m[43;106H3-30[5;30H[?25h[?25l[6;42r[6;1H[L[1;43r[7;3H[106m [m
  }[43;103H[K[43;103H6,3-17[8CAll[5;29H{

   [6;17H[?25h[?25l[43;103H7,13-17[7;17H[?25h[?25l[5;29H[106m{[8;3H}[m[43;103H8,4    [8;4H[?25h[?25l[5;29H{[8;3H}[43;103H7,13-17[7;17H[?25h[?25l[43;106H4-18[7;18H[?25h[?25l[43;106H5-19[7;19H[?25h[?25l[43;106H6-20[7;20H[?25h[?25l[43;106H7-21[7;21H[?25h[?25l[43;106H8-22[7;22H[?25h[?25l[43;106H9-23[7;23H[?25h[?25l[43;105H20-24[7;24H[?25h[?25l[43;106H1-25[7;25H[?25h[?25l[43;106H2-26[7;26H[?25h[?25l[43;106H3-27[7;27H[?25h[?25l[43;106H4-28[7;28H[?25h[?25l[43;106H5-29[7;29H[?25h[?25l[43;106H6-30[7;30H[?25h[?25l[8;42r[8;1H[L[1;43r[43;103H[K[43;103H8,5-26[8CAll[8;26H[?25h[?25l[8;9H}[5;29H[106m{[8;9H}[m[43;105H3-10[8;10H[?25h[?25l[5;29H{[8;9H}[43;103H7,6[7;10H[?25h[?25l[43;103H6,1   [6;1H[?25h[?25l[43;105H2-9[6;9H[?25h[?25l[43;105H3-17[6;17H[?25h[?25l[43;103H7,13-17[7;17H[?25h[?25l[43;106H2-16[7;16H[?25h[?25l[43;106H1-15[7;15H[?25h[?25l[43;106H0-14[7;14H[?25h[?25l[43;105H9-13 [7;13H[?25h[?25l[43;105H8-12[7;12H[?25h[?25l[43;105H7-11[7;11H[?25h[?25l[43;105H6-10[7;10H[?25h[?25l[43;105H5-9 [7;9H[?25h[?25l[43;105H4  [7;4H[?25h[?25l              System.out.println(;[43;105H5-9[7;9H[?25h[?25l[43;103H6,2[6;9H[?25h[?25l[43;105H3-17[6;17H[?25h[?25l[43;105H2-9 [6;9H[?25h[?25l[43;105H1  [6;1H[?25h[?25l[5;42r[42;1H
[1;43r[5;9H[38;5;130mfor[m (String i: args){[42;1H[94m~                                                                                                                       [m[43;103H[K[43;103H5,23-30[7CAll[5;29H[106m{[7;9H}[5;30H[?25h[?25l[m{[7;9H}[43;103H6,19[6;30H[?25h[?25l[43;105H20-31[6;31H[?25h[?25l[43;106H1-32[6;32H[?25h[?25l[43;106H2-33[6;33H[?25h[?25l[43;106H3-34[6;34H[?25h[?25l[43;106H4-35[6;35H[?25h[?25l[43;106H3-34[6;34H[?25h[?25l[43;106H2-33[6;33H[?25h[?25l[43;106H1-32[6;32H[?25h[?25l[43;106H0-31[6;31H[?25h[?25l[43;105H19-30[6;30H[?25h[?25l[43;106H8-29[6;29H[?25h[?25l[43;106H9-30[6;30H[?25h[?25l[43;105H20-31[6;31H[?25h[?25l[43;106H1-32[6;32H[?25h[?25l[43;106H2-33[6;33H[?25h[?25l[43;106H3-34[6;34H[?25h[?25l[43;106H4-35[6;35H[?25h[?25l[43;106H5-36[6;36H[?25h[?25l[43;106H6-37[6;37H[?25h[?25l[43;106H7-38[6;38H[?25h[?25l[43;106H6-37[6;37H[?25h[?25l;[6;37H[K[43;106H5-36[6;36H[?25h[?25l(;[43;106H6-37[6;37H[?25h[?25li;[43;106H7-38[6;38H[?25h[?25l);[106m([mi[106m)[m[43;106H8-39[6;39H[?25h[?25l[5;29H[106m{[m[6;36H(i)[7;9H[106m}[m[43;103H7,3-10 [7;10H[?25h[?25l[5;29H{[6;36H[106m([mi[106m)[m[7;9H}[43;103H6,28-39[6;39H[?25h[?25l[5;29H[106m{[m[6;36H(i)[7;9H[106m}[m[43;103H5,23-30[5;30H[?25h[?25l{[7;9H}[43;103H4,39   [4;39H[?25h[?25l[3;20H[106m{[9;1H}[m[43;103H3,21[3;21H[?25h[?25l{[9;1H}[43;103H4,39[4;39H[?25h[?25l[4;26H[106m([13C)[m[43;105H40[4;40H[?25h[?25l[43;106H1[4;41H[?25h[?25l[4;26H([13C) [106m{[8;3H}[m[43;106H2[4;42H[?25h[43;1H[K[4;41H[?25l[43;93H^[[4;41H[43;93H  [4;42H{[8;3H}[43;103H4,41[10CAll[4;41H[?25h[?25l[43;93H:[4;41H[43;93H[K[43;1H:[?2004h[?25hw[?25l[?25hq[?25l[?25h[?25l[?2004l"Hello.java" 9L, 140C written
[?2004l[?1l>[?25h[?1049l[23;0;0ttranj20@cf162-14:~/Documents/cs241/lab1/lab-1-JasmineTran1999/src/main/java/lab1$ $ gradle run --args="241"
$: command not found
tranj20@cf162-14:~/Documents/cs241/lab1/lab-1-JasmineTran1999/src/main/java/lab1$ $ gradle run --args="241"[C[1P


[1A[1m> Connecting to Daemon[m[22D[1B[2A
[31mFAILURE: [39m[31mBuild failed with an exception.[39m

* What went wrong:
Project directory '/home/tranj20/Documents/cs241/lab1/lab-1-JasmineTran1999/src/main/java/lab1' is not part of the build defined by settings file '/home/tranj20/Documents/cs241/lab1/lab-1-JasmineTran1999/settings.gradle'. If this is an unrelated build, it must have its own settings file.

* Try:
Run with [1m--stacktrace[m option to get the stack trace. Run with [1m--info[m or [1m--debug[m option to get more log output. Run with [1m--scan[m to get full insights.

* Get more help at [1mhttps://help.gradle.org[m

[31;1mBUILD FAILED[0;39m in 341ms

[0K
[2A[1m<[0;1m-------------> 0% WAITING[m[26D[1B> IDLE[6D[1B[2A[2K[1B[2K[1A[0m[?12l[?25htranj20@cf162-14:~/Documents/cs241/lab1/lab-1-JasmineTran1999/src/main/java/lab1$ cd ..
tranj20@cf162-14:~/Documents/cs241/lab1/lab-1-JasmineTran1999/src/main/java$ cd ..
tranj20@cf162-14:~/Documents/cs241/lab1/lab-1-JasmineTran1999/src/main$ cd ..
tranj20@cf162-14:~/Documents/cs241/lab1/lab-1-JasmineTran1999/src$ cd ..
tranj20@cf162-14:~/Documents/cs241/lab1/lab-1-JasmineTran1999$ gradle build


[2A[1m<[0;1m-------------> 0% EXECUTING [85ms][m[35D[1B[1m> :compileJava[m[14D[1B[2A[1m<[0;32;1m====[0;39;1m---------> 35% EXECUTING [185ms][m[37D[1B[1m> :distTar[m[0K[10D[1B[2A[1m<[0;32;1m=====[0;39;1m--------> 42% EXECUTING [285ms][m[37D[1B[1m> :distZip[m[10D[1B[2A[1m<[0;32;1m=====[0;39;1m--------> 42% EXECUTING [385ms][m[37D[2B[2A[0K
[32;1mBUILD SUCCESSFUL[0;39m in 746ms
5 actionable tasks: 4 executed, 1 up-to-date
[0K
[0K
[2A[1m<[0;1m-------------> 0% WAITING[m[26D[1B[1m> :distZip[m[10D[1B[2A[2K[1B[2K[1A[0m[?12l[?25htranj20@cf162-14:~/Documents/cs241/lab1/lab-1-JasmineTran1999$ gradle run --args="241"


[2A[1m<[0;32;1m=========[0;39;1m----> 75% EXECUTING [84ms][m[36D[1B[1m> :run[m[6D[1B[2A[0K
[1m> Task :run[m
241

[32;1mBUILD SUCCESSFUL[0;39m in 402ms
2 actionable tasks: 1 executed, 1 up-to-date
[0K
[0K
[2A[1m<[0;1m-------------> 0% WAITING[m[26D[1B[1m> :run[m[6D[1B[2A[2K[1B[2K[1A[0m[?12l[?25htranj20@cf162-14:~/Documents/cs241/lab1/lab-1-JasmineTran1999$ git add src/main/java/lab1/Hello.java
tranj20@cf162-14:~/Documents/cs241/lab1/lab-1-JasmineTran1999$ git commit -m "Hello now prints command line arg
> git commit -m "Hello now prints command line arg[K[K[K[K[K[K[K[K[K[K[K[K[K[K[K[K[K[K[K[K[K[K[K[K[K[K[K[K[K[K[K[K[K[K[K[K[K[K[K[K[K[K[K[K[K[K[K[K
> 
> git commit -m "Hello now prints command line arg"
> ^C
tranj20@cf162-14:~/Documents/cs241/lab1/lab-1-JasmineTran1999$ git commit -m "Hello now prints command line arg"
[master 56496e4] Hello now prints command line arg
 1 file changed, 3 insertions(+), 1 deletion(-)
tranj20@cf162-14:~/Documents/cs241/lab1/lab-1-JasmineTran1999$ git push
Username for 'https://github.com': JasmineTran19999 
Password for 'https://JasmineTran1999@github.com': 
Counting objects: 7, done.
Delta compression using up to 8 threads.
Compressing objects:  33% (1/3)   Compressing objects:  66% (2/3)   Compressing objects: 100% (3/3)   Compressing objects: 100% (3/3), done.
Writing objects:  14% (1/7)   Writing objects:  28% (2/7)   Writing objects:  42% (3/7)   Writing objects:  57% (4/7)   Writing objects:  71% (5/7)   Writing objects:  85% (6/7)   Writing objects: 100% (7/7)   Writing objects: 100% (7/7), 559 bytes | 186.00 KiB/s, done.
Total 7 (delta 1), reused 0 (delta 0)
remote: Resolving deltas:   0% (0/1)[Kremote: Resolving deltas: 100% (1/1)[Kremote: Resolving deltas: 100% (1/1), completed with 1 local object.[K
To https://github.com/csci241-20s/lab-1-JasmineTran1999.git
   5e651a2..56496e4  master -> master
tranj20@cf162-14:~/Documents/cs241/lab1/lab-1-JasmineTran1999$ exit
exit

Script done on 2020-04-12 17:06:34-0700
